
> dsh-multimedia-webui-input@0.3.0-rc.4 check
> npm run build && npm test && npm run doctor


> dsh-multimedia-webui-input@0.3.0-rc.4 build
> node scripts/build.mjs

Built lib/client.js (200327 bytes), 6 owned modules; React is provided by DSH.

> dsh-multimedia-webui-input@0.3.0-rc.4 test
> node scripts/test.mjs

✔ safe reference add/remove preserves foreign chips (modern clipboard offsets) (4.638542ms)
✔ safe reference add/remove preserves foreign chips (legacy one-character) (0.360416ms)
✔ locked input and unavailable edit event fail without rewriting draft (1.04225ms)
✔ DSH host route lifecycle and late optional workspace capability (35.681542ms)
✔ client refuses incompatible contracts before touching DOM (46.093959ms)
✔ built browser artifact registers the original package identity and has no external bundle dependencies (34.788ms)
✔ cold persisted sessions resolve through official inspection without activation (22.644875ms)
✔ loopback, Host, origin and custom header guards reject remote/CSRF requests (1.738292ms)
✔ real HTTP transfer, download headers, bounded preview, cleanup and failed requests (246.814875ms)
✔ drain more than 100 directory entries and preserve empty dirs (30.738959ms)
✔ never enter default-excluded dependency folder (4.786875ms)
✔ aborted scan produces no partial accepted selection (1.149167ms)
✔ picker fallback preserves relative path but admits empty-dir limitation (0.19ms)
✔ capture DataTransfer entries synchronously, ignore internal text drags (0.180417ms)
✔ fallback supports browser FileList without directory API (0.124375ms)
✔ overlay dry-run, apply, sibling backup and restore preserve .git and unrelated user files (2556.978875ms)
✔ reject unsafe portable path "../x" (1.959416ms)
✔ reject unsafe portable path "/etc/passwd" (1.319583ms)
✔ reject unsafe portable path "a/../b" (0.46825ms)
✔ reject unsafe portable path "a//b" (0.745375ms)
✔ reject unsafe portable path "a/./b" (0.335417ms)
✔ reject unsafe portable path "C:\\x" (0.3095ms)
✔ reject unsafe portable path "C:/x" (0.31375ms)
✔ reject unsafe portable path "foo\\bar" (0.147042ms)
✔ reject unsafe portable path "a\u0000b" (0.196917ms)
✔ reject unsafe portable path "a\nb" (0.310042ms)
✔ reject unsafe portable path "CON" (1.146958ms)
✔ reject unsafe portable path "aux.txt" (0.454292ms)
✔ reject unsafe portable path "a/NUL.json" (0.090208ms)
✔ reject unsafe portable path "a." (0.038167ms)
✔ reject unsafe portable path "a " (0.049084ms)
✔ reject unsafe portable path "a:b" (0.031459ms)
✔ reject unsafe portable path "a‮b" (23.553125ms)
✔ preserve Unicode, spaces and parentheses without silently renaming (0.53825ms)
✔ detect case and Unicode collisions (3.618958ms)
✔ file cannot be directory ancestor (0.192917ms)
✔ empty directory import valid, truly empty selection invalid (0.105958ms)
✔ single, total, count, depth and unsafe-size limits are enforced (0.791959ms)
✔ generated and sensitive defaults are explicit, not a .gitignore claim (0.822167ms)
✔ SVG and HTML preview as text, PDFs download without executing (0.426375ms)
✔ model manifest quotes untrusted filenames and bounds expansion (1.079958ms)
✔ settings retain copy/path and theme selections; malformed saved values reset safely (2.015ms)
✔ settings storage failure is reported instead of claiming persistence (0.290042ms)
✔ icons distinguish document, spreadsheet, archive, code and media files (0.584041ms)
✔ path reference persists without copying and reads current original bytes (118.154042ms)
✔ references enforce session isolation, absolute paths and regular files (14.61975ms)
✔ replaced original path refuses preview while directory reference stays read-only (20.113209ms)
✔ saved path history is session scoped and survives a new store (118.998125ms)
✔ real streamed bytes, SHA-256, nested structure and empty directories (171.884667ms)
✔ incomplete commit does not publish a final directory (29.404917ms)
✔ create and commit idempotency plus no postcommit mutation (97.643125ms)
✔ partial-size failure and retry leave no partial accepted file (39.19875ms)
✔ received-file retry compares content, not name or size alone (36.601959ms)
✔ session ownership and changed cwd reject commit (10.7185ms)
✔ workspace has dedicated scope independent of an active conversation (61.759958ms)
✔ workspace scope cannot be used to smuggle a conversation attachment (1.829625ms)
✔ workspace requires one folder and capability, never fake success (2.373667ms)
✔ registration failure after copy can retry without duplicating files (58.761917ms)
✔ restart reloads metadata, histories and completed receipt (55.66125ms)
✔ two files upload concurrently and commit refuses an active writer (59.061083ms)
✔ cancel aborts an actual stream and deletes only its pending directory (22.452875ms)
✔ late upload admission cannot race a commit sealing a batch (12.803292ms)
✔ symlink storage ancestor and committed file substitution rejected (71.297125ms)
✔ cleanup is explicit and isolated from original files, other sessions and workspace copies (164.159375ms)
✔ pending capacity and stale TTL cleanup never auto-delete committed files (90.913625ms)
✔ explicit host directory registration does not copy it (5.502834ms)
✔ mode and appearance controls persist, rerender and restore no-image mode (23.448167ms)
✔ path dialog validates asynchronously and displays errors without dismissing input (9.136875ms)
✔ toolbar opens settings with accessible controls and releases subscription (8.627416ms)
✔ path cards show original location and use a distinct file icon (3.974708ms)
✔ path-mode folder drop requests explicit path without enumerating or copying (3.086084ms)
✔ client mounts declared slots, coexists with native image drafts and disposes effects (4.988833ms)
✔ drop hint survives sparse events, preserves content, and clears on leave or cancellation (515.22025ms)
ℹ tests 73
ℹ suites 0
ℹ pass 73
ℹ fail 0
ℹ cancelled 0
ℹ skipped 0
ℹ todo 0
ℹ duration_ms 2714.846

> dsh-multimedia-webui-input@0.3.0-rc.4 doctor
> node scripts/doctor.mjs

PASS packaged:lib/index.js
PASS packaged:lib/client.js
PASS packaged:src/dsh-client.js
PASS packaged:lib/ui.css
PASS packaged:cordis.patch.yml
PASS packaged:LICENSE
PASS packaged:README.md
PASS packaged:README.zh.md
PASS packaged:docs/COMPATIBILITY.md
PASS identity-preserved
PASS explicit-prerelease
PASS zero-third-party-runtime-dependencies
PASS host-apply
PASS client-loader
PASS no-whole-draft-fallback
Native DSH certification: NOT asserted. See docs/COMPATIBILITY.md.
