
> dsh-multimedia-webui-input@0.3.0-rc.5 check
> npm run build && npm test && npm run doctor


> dsh-multimedia-webui-input@0.3.0-rc.5 build
> node scripts/build.mjs

Built lib/client.js (201585 bytes), 6 owned modules; React is provided by DSH.

> dsh-multimedia-webui-input@0.3.0-rc.5 test
> node scripts/test.mjs

✔ safe reference add/remove preserves foreign chips (modern clipboard offsets) (3.400791ms)
✔ safe reference add/remove preserves foreign chips (legacy one-character) (0.373583ms)
✔ locked input and unavailable edit event fail without rewriting draft (1.247375ms)
✔ DSH host route lifecycle and late optional workspace capability (27.204584ms)
✔ client refuses incompatible contracts before touching DOM (1.595542ms)
✔ built browser artifact registers the original package identity and has no external bundle dependencies (16.122292ms)
✔ cold persisted sessions resolve through official inspection without activation (10.925208ms)
✔ LF and CRLF source checkouts produce identical client bundles (221.827125ms)
✔ loopback, Host, origin and custom header guards reject remote/CSRF requests (2.025542ms)
✔ real HTTP transfer, download headers, bounded preview, cleanup and failed requests (213.3275ms)
✔ drain more than 100 directory entries and preserve empty dirs (14.882ms)
✔ never enter default-excluded dependency folder (1.862625ms)
✔ aborted scan produces no partial accepted selection (1.062625ms)
✔ picker fallback preserves relative path but admits empty-dir limitation (0.292333ms)
✔ capture DataTransfer entries synchronously, ignore internal text drags (0.491417ms)
✔ fallback supports browser FileList without directory API (0.1515ms)
✔ workspace metadata uses only an explicit absolute host path (2.866ms)
✔ overlay dry-run, apply, sibling backup and restore preserve .git and unrelated user files (1673.71625ms)
✔ reject unsafe portable path "../x" (2.274292ms)
✔ reject unsafe portable path "/etc/passwd" (0.147125ms)
✔ reject unsafe portable path "a/../b" (0.134375ms)
✔ reject unsafe portable path "a//b" (0.126375ms)
✔ reject unsafe portable path "a/./b" (0.058667ms)
✔ reject unsafe portable path "C:\\x" (0.047708ms)
✔ reject unsafe portable path "C:/x" (0.066042ms)
✔ reject unsafe portable path "foo\\bar" (0.042792ms)
✔ reject unsafe portable path "a\u0000b" (0.058458ms)
✔ reject unsafe portable path "a\nb" (0.105667ms)
✔ reject unsafe portable path "CON" (0.059584ms)
✔ reject unsafe portable path "aux.txt" (0.049417ms)
✔ reject unsafe portable path "a/NUL.json" (0.062625ms)
✔ reject unsafe portable path "a." (0.222875ms)
✔ reject unsafe portable path "a " (0.088417ms)
✔ reject unsafe portable path "a:b" (0.047334ms)
✔ reject unsafe portable path "a‮b" (0.077458ms)
✔ preserve Unicode, spaces and parentheses without silently renaming (2.845833ms)
✔ detect case and Unicode collisions (2.919458ms)
✔ file cannot be directory ancestor (0.256583ms)
✔ empty directory import valid, truly empty selection invalid (0.077375ms)
✔ single, total, count, depth and unsafe-size limits are enforced (0.163667ms)
✔ generated and sensitive defaults are explicit, not a .gitignore claim (0.420083ms)
✔ SVG and HTML preview as text, PDFs download without executing (0.486083ms)
✔ model manifest quotes untrusted filenames and bounds expansion (0.425583ms)
✔ settings retain copy/path and theme selections; malformed saved values reset safely (2.436208ms)
✔ settings storage failure is reported instead of claiming persistence (0.925542ms)
✔ icons distinguish document, spreadsheet, archive, code and media files (1.67575ms)
✔ path reference persists without copying and reads current original bytes (41.821625ms)
✔ references enforce session isolation, absolute paths and regular files (18.350208ms)
✔ replaced original path refuses preview while directory reference stays read-only (28.387833ms)
✔ saved path history is session scoped and survives a new store (4.852209ms)
✔ real streamed bytes, SHA-256, nested structure and empty directories (76.422875ms)
✔ incomplete commit does not publish a final directory (10.002833ms)
✔ create and commit idempotency plus no postcommit mutation (49.251542ms)
✔ partial-size failure and retry leave no partial accepted file (27.722708ms)
✔ received-file retry compares content, not name or size alone (23.622958ms)
✔ session ownership and changed cwd reject commit (3.92925ms)
✔ workspace registration uses the original directory independently of a conversation (1.907375ms)
✔ workspace scope cannot be used to smuggle a conversation attachment (1.792333ms)
✔ workspace registration requires an existing directory and host capability (1.720709ms)
✔ workspace registration retry preserves the original and creates no file batches (2.723666ms)
✔ restart reloads metadata, histories and completed receipt (28.092041ms)
✔ two files upload concurrently and commit refuses an active writer (42.785333ms)
✔ cancel aborts an actual stream and deletes only its pending directory (11.810292ms)
✔ late upload admission cannot race a commit sealing a batch (9.3755ms)
✔ symlink storage ancestor and committed file substitution rejected (46.434333ms)
✔ cleanup is explicit and isolated from original files, other sessions and registered workspaces (87.5785ms)
✔ pending capacity and stale TTL cleanup never auto-delete committed files (41.174625ms)
✔ explicit host directory registration does not copy it (1.393042ms)
✔ mode and appearance controls persist, rerender and restore no-image mode (15.56825ms)
✔ path dialog validates asynchronously and displays errors without dismissing input (5.403375ms)
✔ toolbar opens settings with accessible controls and releases subscription (6.16225ms)
✔ path cards show original location and use a distinct file icon (1.099292ms)
✔ path-mode folder drop requests explicit path without enumerating or copying (2.527167ms)
✔ client mounts declared slots, coexists with native image drafts and disposes effects (2.104084ms)
✔ drop hint survives sparse events, preserves content, and clears on leave or cancellation (475.309208ms)
✔ sidebar drop in both attachment modes opens original-directory registration without enumeration (3.111166ms)
ℹ tests 76
ℹ suites 0
ℹ pass 76
ℹ fail 0
ℹ cancelled 0
ℹ skipped 0
ℹ todo 0
ℹ duration_ms 1799.426833

> dsh-multimedia-webui-input@0.3.0-rc.5 doctor
> node scripts/doctor.mjs

PASS packaged:lib/index.js
PASS packaged:lib/client.js
PASS packaged:src/dsh-client.js
PASS packaged:lib/ui.css
PASS packaged:cordis.patch.yml
PASS packaged:LICENSE
PASS packaged:README.md
PASS packaged:docs/COMPATIBILITY.md
PASS identity-preserved
PASS explicit-prerelease
PASS zero-third-party-runtime-dependencies
PASS host-apply
PASS client-loader
PASS no-whole-draft-fallback
Native DSH certification: NOT asserted. See docs/COMPATIBILITY.md.
