
> dsh-multimedia-webui-input@0.2.0-rc.1 check
> npm run build && npm test && npm run doctor


> dsh-multimedia-webui-input@0.2.0-rc.1 build
> node scripts/build.mjs

Built lib/client.js (60469 bytes), 5 owned modules; React is provided by DSH.

> dsh-multimedia-webui-input@0.2.0-rc.1 test
> node scripts/test.mjs

TAP version 13
# Subtest: safe reference add/remove preserves foreign chips (modern clipboard offsets)
ok 1 - safe reference add/remove preserves foreign chips (modern clipboard offsets)
  ---
  duration_ms: 3.202054
  type: 'test'
  ...
# Subtest: safe reference add/remove preserves foreign chips (legacy one-character)
ok 2 - safe reference add/remove preserves foreign chips (legacy one-character)
  ---
  duration_ms: 0.393598
  type: 'test'
  ...
# Subtest: locked input and unavailable edit event fail without rewriting draft
ok 3 - locked input and unavailable edit event fail without rewriting draft
  ---
  duration_ms: 1.965926
  type: 'test'
  ...
# Subtest: DSH host route lifecycle and late optional workspace capability
ok 4 - DSH host route lifecycle and late optional workspace capability
  ---
  duration_ms: 21.5531
  type: 'test'
  ...
# Subtest: client refuses incompatible contracts before touching DOM
ok 5 - client refuses incompatible contracts before touching DOM
  ---
  duration_ms: 1.450624
  type: 'test'
  ...
# Subtest: built browser artifact registers the original package identity and has no external bundle dependencies
ok 6 - built browser artifact registers the original package identity and has no external bundle dependencies
  ---
  duration_ms: 13.70585
  type: 'test'
  ...
# Subtest: loopback, Host, origin and custom header guards reject remote/CSRF requests
ok 7 - loopback, Host, origin and custom header guards reject remote/CSRF requests
  ---
  duration_ms: 2.572241
  type: 'test'
  ...
# Subtest: real HTTP transfer, download headers, bounded preview, cleanup and failed requests
ok 8 - real HTTP transfer, download headers, bounded preview, cleanup and failed requests
  ---
  duration_ms: 279.83503
  type: 'test'
  ...
# Subtest: drain more than 100 directory entries and preserve empty dirs
ok 9 - drain more than 100 directory entries and preserve empty dirs
  ---
  duration_ms: 39.479049
  type: 'test'
  ...
# Subtest: never enter default-excluded dependency folder
ok 10 - never enter default-excluded dependency folder
  ---
  duration_ms: 3.312663
  type: 'test'
  ...
# Subtest: aborted scan produces no partial accepted selection
ok 11 - aborted scan produces no partial accepted selection
  ---
  duration_ms: 2.10472
  type: 'test'
  ...
# Subtest: picker fallback preserves relative path but admits empty-dir limitation
ok 12 - picker fallback preserves relative path but admits empty-dir limitation
  ---
  duration_ms: 0.662738
  type: 'test'
  ...
# Subtest: capture DataTransfer entries synchronously, ignore internal text drags
ok 13 - capture DataTransfer entries synchronously, ignore internal text drags
  ---
  duration_ms: 0.646231
  type: 'test'
  ...
# Subtest: fallback supports browser FileList without directory API
ok 14 - fallback supports browser FileList without directory API
  ---
  duration_ms: 0.521973
  type: 'test'
  ...
# Subtest: overlay dry-run, apply, sibling backup and restore preserve .git and unrelated user files
ok 15 - overlay dry-run, apply, sibling backup and restore preserve .git and unrelated user files
  ---
  duration_ms: 820.530501
  type: 'test'
  ...
# Subtest: reject unsafe portable path "../x"
ok 16 - reject unsafe portable path "../x"
  ---
  duration_ms: 4.927417
  type: 'test'
  ...
# Subtest: reject unsafe portable path "/etc/passwd"
ok 17 - reject unsafe portable path "/etc/passwd"
  ---
  duration_ms: 0.82055
  type: 'test'
  ...
# Subtest: reject unsafe portable path "a/../b"
ok 18 - reject unsafe portable path "a/../b"
  ---
  duration_ms: 0.885166
  type: 'test'
  ...
# Subtest: reject unsafe portable path "a//b"
ok 19 - reject unsafe portable path "a//b"
  ---
  duration_ms: 0.737481
  type: 'test'
  ...
# Subtest: reject unsafe portable path "a/./b"
ok 20 - reject unsafe portable path "a/./b"
  ---
  duration_ms: 0.514294
  type: 'test'
  ...
# Subtest: reject unsafe portable path "C:\\\\x"
ok 21 - reject unsafe portable path "C:\\\\x"
  ---
  duration_ms: 0.335733
  type: 'test'
  ...
# Subtest: reject unsafe portable path "C:/x"
ok 22 - reject unsafe portable path "C:/x"
  ---
  duration_ms: 0.546445
  type: 'test'
  ...
# Subtest: reject unsafe portable path "foo\\\\bar"
ok 23 - reject unsafe portable path "foo\\\\bar"
  ---
  duration_ms: 0.437791
  type: 'test'
  ...
# Subtest: reject unsafe portable path "a\\u0000b"
ok 24 - reject unsafe portable path "a\\u0000b"
  ---
  duration_ms: 1.25928
  type: 'test'
  ...
# Subtest: reject unsafe portable path "a\\nb"
ok 25 - reject unsafe portable path "a\\nb"
  ---
  duration_ms: 1.599612
  type: 'test'
  ...
# Subtest: reject unsafe portable path "CON"
ok 26 - reject unsafe portable path "CON"
  ---
  duration_ms: 0.666961
  type: 'test'
  ...
# Subtest: reject unsafe portable path "aux.txt"
ok 27 - reject unsafe portable path "aux.txt"
  ---
  duration_ms: 0.349656
  type: 'test'
  ...
# Subtest: reject unsafe portable path "a/NUL.json"
ok 28 - reject unsafe portable path "a/NUL.json"
  ---
  duration_ms: 0.41114
  type: 'test'
  ...
# Subtest: reject unsafe portable path "a."
ok 29 - reject unsafe portable path "a."
  ---
  duration_ms: 0.312982
  type: 'test'
  ...
# Subtest: reject unsafe portable path "a "
ok 30 - reject unsafe portable path "a "
  ---
  duration_ms: 0.279678
  type: 'test'
  ...
# Subtest: reject unsafe portable path "a:b"
ok 31 - reject unsafe portable path "a:b"
  ---
  duration_ms: 0.373038
  type: 'test'
  ...
# Subtest: reject unsafe portable path "a‮b"
ok 32 - reject unsafe portable path "a‮b"
  ---
  duration_ms: 5.867508
  type: 'test'
  ...
# Subtest: preserve Unicode, spaces and parentheses without silently renaming
ok 33 - preserve Unicode, spaces and parentheses without silently renaming
  ---
  duration_ms: 0.617615
  type: 'test'
  ...
# Subtest: detect case and Unicode collisions
ok 34 - detect case and Unicode collisions
  ---
  duration_ms: 3.308512
  type: 'test'
  ...
# Subtest: file cannot be directory ancestor
ok 35 - file cannot be directory ancestor
  ---
  duration_ms: 0.400847
  type: 'test'
  ...
# Subtest: empty directory import valid, truly empty selection invalid
ok 36 - empty directory import valid, truly empty selection invalid
  ---
  duration_ms: 0.369838
  type: 'test'
  ...
# Subtest: single, total, count, depth and unsafe-size limits are enforced
ok 37 - single, total, count, depth and unsafe-size limits are enforced
  ---
  duration_ms: 1.180322
  type: 'test'
  ...
# Subtest: generated and sensitive defaults are explicit, not a .gitignore claim
ok 38 - generated and sensitive defaults are explicit, not a .gitignore claim
  ---
  duration_ms: 0.902423
  type: 'test'
  ...
# Subtest: SVG and HTML preview as text, PDFs download without executing
ok 39 - SVG and HTML preview as text, PDFs download without executing
  ---
  duration_ms: 0.931977
  type: 'test'
  ...
# Subtest: model manifest quotes untrusted filenames and bounds expansion
ok 40 - model manifest quotes untrusted filenames and bounds expansion
  ---
  duration_ms: 0.889346
  type: 'test'
  ...
# Subtest: real streamed bytes, SHA-256, nested structure and empty directories
ok 41 - real streamed bytes, SHA-256, nested structure and empty directories
  ---
  duration_ms: 67.830291
  type: 'test'
  ...
# Subtest: incomplete commit does not publish a final directory
ok 42 - incomplete commit does not publish a final directory
  ---
  duration_ms: 15.699197
  type: 'test'
  ...
# Subtest: create and commit idempotency plus no postcommit mutation
ok 43 - create and commit idempotency plus no postcommit mutation
  ---
  duration_ms: 37.641655
  type: 'test'
  ...
# Subtest: partial-size failure and retry leave no partial accepted file
ok 44 - partial-size failure and retry leave no partial accepted file
  ---
  duration_ms: 34.047338
  type: 'test'
  ...
# Subtest: received-file retry compares content, not name or size alone
ok 45 - received-file retry compares content, not name or size alone
  ---
  duration_ms: 20.341262
  type: 'test'
  ...
# Subtest: session ownership and changed cwd reject commit
ok 46 - session ownership and changed cwd reject commit
  ---
  duration_ms: 9.640324
  type: 'test'
  ...
# Subtest: workspace has dedicated scope independent of an active conversation
ok 47 - workspace has dedicated scope independent of an active conversation
  ---
  duration_ms: 32.675519
  type: 'test'
  ...
# Subtest: workspace scope cannot be used to smuggle a conversation attachment
ok 48 - workspace scope cannot be used to smuggle a conversation attachment
  ---
  duration_ms: 6.362842
  type: 'test'
  ...
# Subtest: workspace requires one folder and capability, never fake success
ok 49 - workspace requires one folder and capability, never fake success
  ---
  duration_ms: 4.478408
  type: 'test'
  ...
# Subtest: registration failure after copy can retry without duplicating files
ok 50 - registration failure after copy can retry without duplicating files
  ---
  duration_ms: 16.411232
  type: 'test'
  ...
# Subtest: restart reloads metadata, histories and completed receipt
ok 51 - restart reloads metadata, histories and completed receipt
  ---
  duration_ms: 23.684352
  type: 'test'
  ...
# Subtest: two files upload concurrently and commit refuses an active writer
ok 52 - two files upload concurrently and commit refuses an active writer
  ---
  duration_ms: 23.008882
  type: 'test'
  ...
# Subtest: cancel aborts an actual stream and deletes only its pending directory
ok 53 - cancel aborts an actual stream and deletes only its pending directory
  ---
  duration_ms: 14.635552
  type: 'test'
  ...
# Subtest: late upload admission cannot race a commit sealing a batch
ok 54 - late upload admission cannot race a commit sealing a batch
  ---
  duration_ms: 12.79487
  type: 'test'
  ...
# Subtest: symlink storage ancestor and committed file substitution rejected
ok 55 - symlink storage ancestor and committed file substitution rejected
  ---
  duration_ms: 19.676509
  type: 'test'
  ...
# Subtest: cleanup is explicit and isolated from original files, other sessions and workspace copies
ok 56 - cleanup is explicit and isolated from original files, other sessions and workspace copies
  ---
  duration_ms: 42.445036
  type: 'test'
  ...
# Subtest: pending capacity and stale TTL cleanup never auto-delete committed files
ok 57 - pending capacity and stale TTL cleanup never auto-delete committed files
  ---
  duration_ms: 31.759181
  type: 'test'
  ...
# Subtest: explicit host directory registration does not copy it
ok 58 - explicit host directory registration does not copy it
  ---
  duration_ms: 3.295254
  type: 'test'
  ...
1..58
# tests 58
# suites 0
# pass 58
# fail 0
# cancelled 0
# skipped 0
# todo 0
# duration_ms 1436.112797

> dsh-multimedia-webui-input@0.2.0-rc.1 doctor
> node scripts/doctor.mjs

PASS packaged:lib/index.js
PASS packaged:lib/client.js
PASS packaged:src/dsh-client.js
PASS packaged:lib/ui.css
PASS packaged:cordis.patch.yml
PASS packaged:LICENSE
PASS packaged:README.md
PASS packaged:README.zh.md
PASS packaged:docs/COMPATIBILITY.md
PASS identity-preserved
PASS explicit-prerelease
PASS zero-third-party-runtime-dependencies
PASS host-apply
PASS client-loader
PASS no-whole-draft-fallback
Native DSH certification: NOT asserted. See docs/COMPATIBILITY.md.
