TAP version 13
# Subtest: safe reference add/remove preserves foreign chips (modern clipboard offsets)
ok 1 - safe reference add/remove preserves foreign chips (modern clipboard offsets)
  ---
  duration_ms: 4.11167
  type: 'test'
  ...
# Subtest: safe reference add/remove preserves foreign chips (legacy one-character)
ok 2 - safe reference add/remove preserves foreign chips (legacy one-character)
  ---
  duration_ms: 0.59273
  type: 'test'
  ...
# Subtest: locked input and unavailable edit event fail without rewriting draft
ok 3 - locked input and unavailable edit event fail without rewriting draft
  ---
  duration_ms: 2.492061
  type: 'test'
  ...
# Subtest: DSH host route lifecycle and late optional workspace capability
ok 4 - DSH host route lifecycle and late optional workspace capability
  ---
  duration_ms: 30.243883
  type: 'test'
  ...
# Subtest: client refuses incompatible contracts before touching DOM
ok 5 - client refuses incompatible contracts before touching DOM
  ---
  duration_ms: 1.271781
  type: 'test'
  ...
# Subtest: built browser artifact registers the original package identity and has no external bundle dependencies
ok 6 - built browser artifact registers the original package identity and has no external bundle dependencies
  ---
  duration_ms: 21.609157
  type: 'test'
  ...
# Subtest: loopback, Host, origin and custom header guards reject remote/CSRF requests
ok 7 - loopback, Host, origin and custom header guards reject remote/CSRF requests
  ---
  duration_ms: 3.59406
  type: 'test'
  ...
# Subtest: real HTTP transfer, download headers, bounded preview, cleanup and failed requests
ok 8 - real HTTP transfer, download headers, bounded preview, cleanup and failed requests
  ---
  duration_ms: 270.975671
  type: 'test'
  ...
# Subtest: drain more than 100 directory entries and preserve empty dirs
ok 9 - drain more than 100 directory entries and preserve empty dirs
  ---
  duration_ms: 29.482318
  type: 'test'
  ...
# Subtest: never enter default-excluded dependency folder
ok 10 - never enter default-excluded dependency folder
  ---
  duration_ms: 2.786683
  type: 'test'
  ...
# Subtest: aborted scan produces no partial accepted selection
ok 11 - aborted scan produces no partial accepted selection
  ---
  duration_ms: 1.540352
  type: 'test'
  ...
# Subtest: picker fallback preserves relative path but admits empty-dir limitation
ok 12 - picker fallback preserves relative path but admits empty-dir limitation
  ---
  duration_ms: 0.561004
  type: 'test'
  ...
# Subtest: capture DataTransfer entries synchronously, ignore internal text drags
ok 13 - capture DataTransfer entries synchronously, ignore internal text drags
  ---
  duration_ms: 0.567505
  type: 'test'
  ...
# Subtest: fallback supports browser FileList without directory API
ok 14 - fallback supports browser FileList without directory API
  ---
  duration_ms: 0.332635
  type: 'test'
  ...
# Subtest: overlay dry-run, apply, sibling backup and restore preserve .git and unrelated user files
ok 15 - overlay dry-run, apply, sibling backup and restore preserve .git and unrelated user files
  ---
  duration_ms: 877.606839
  type: 'test'
  ...
# Subtest: reject unsafe portable path "../x"
ok 16 - reject unsafe portable path "../x"
  ---
  duration_ms: 4.412826
  type: 'test'
  ...
# Subtest: reject unsafe portable path "/etc/passwd"
ok 17 - reject unsafe portable path "/etc/passwd"
  ---
  duration_ms: 0.538155
  type: 'test'
  ...
# Subtest: reject unsafe portable path "a/../b"
ok 18 - reject unsafe portable path "a/../b"
  ---
  duration_ms: 0.756429
  type: 'test'
  ...
# Subtest: reject unsafe portable path "a//b"
ok 19 - reject unsafe portable path "a//b"
  ---
  duration_ms: 0.469453
  type: 'test'
  ...
# Subtest: reject unsafe portable path "a/./b"
ok 20 - reject unsafe portable path "a/./b"
  ---
  duration_ms: 0.612845
  type: 'test'
  ...
# Subtest: reject unsafe portable path "C:\\\\x"
ok 21 - reject unsafe portable path "C:\\\\x"
  ---
  duration_ms: 0.275567
  type: 'test'
  ...
# Subtest: reject unsafe portable path "C:/x"
ok 22 - reject unsafe portable path "C:/x"
  ---
  duration_ms: 0.2196
  type: 'test'
  ...
# Subtest: reject unsafe portable path "foo\\\\bar"
ok 23 - reject unsafe portable path "foo\\\\bar"
  ---
  duration_ms: 0.243516
  type: 'test'
  ...
# Subtest: reject unsafe portable path "a\\u0000b"
ok 24 - reject unsafe portable path "a\\u0000b"
  ---
  duration_ms: 0.696587
  type: 'test'
  ...
# Subtest: reject unsafe portable path "a\\nb"
ok 25 - reject unsafe portable path "a\\nb"
  ---
  duration_ms: 1.072929
  type: 'test'
  ...
# Subtest: reject unsafe portable path "CON"
ok 26 - reject unsafe portable path "CON"
  ---
  duration_ms: 0.35885
  type: 'test'
  ...
# Subtest: reject unsafe portable path "aux.txt"
ok 27 - reject unsafe portable path "aux.txt"
  ---
  duration_ms: 0.224816
  type: 'test'
  ...
# Subtest: reject unsafe portable path "a/NUL.json"
ok 28 - reject unsafe portable path "a/NUL.json"
  ---
  duration_ms: 0.230138
  type: 'test'
  ...
# Subtest: reject unsafe portable path "a."
ok 29 - reject unsafe portable path "a."
  ---
  duration_ms: 0.170639
  type: 'test'
  ...
# Subtest: reject unsafe portable path "a "
ok 30 - reject unsafe portable path "a "
  ---
  duration_ms: 0.817961
  type: 'test'
  ...
# Subtest: reject unsafe portable path "a:b"
ok 31 - reject unsafe portable path "a:b"
  ---
  duration_ms: 3.365639
  type: 'test'
  ...
# Subtest: reject unsafe portable path "a‮b"
ok 32 - reject unsafe portable path "a‮b"
  ---
  duration_ms: 0.317737
  type: 'test'
  ...
# Subtest: preserve Unicode, spaces and parentheses without silently renaming
ok 33 - preserve Unicode, spaces and parentheses without silently renaming
  ---
  duration_ms: 0.522855
  type: 'test'
  ...
# Subtest: detect case and Unicode collisions
ok 34 - detect case and Unicode collisions
  ---
  duration_ms: 3.512887
  type: 'test'
  ...
# Subtest: file cannot be directory ancestor
ok 35 - file cannot be directory ancestor
  ---
  duration_ms: 0.388402
  type: 'test'
  ...
# Subtest: empty directory import valid, truly empty selection invalid
ok 36 - empty directory import valid, truly empty selection invalid
  ---
  duration_ms: 0.459223
  type: 'test'
  ...
# Subtest: single, total, count, depth and unsafe-size limits are enforced
ok 37 - single, total, count, depth and unsafe-size limits are enforced
  ---
  duration_ms: 1.223682
  type: 'test'
  ...
# Subtest: generated and sensitive defaults are explicit, not a .gitignore claim
ok 38 - generated and sensitive defaults are explicit, not a .gitignore claim
  ---
  duration_ms: 0.995169
  type: 'test'
  ...
# Subtest: SVG and HTML preview as text, PDFs download without executing
ok 39 - SVG and HTML preview as text, PDFs download without executing
  ---
  duration_ms: 1.155969
  type: 'test'
  ...
# Subtest: model manifest quotes untrusted filenames and bounds expansion
ok 40 - model manifest quotes untrusted filenames and bounds expansion
  ---
  duration_ms: 0.977571
  type: 'test'
  ...
# Subtest: real streamed bytes, SHA-256, nested structure and empty directories
ok 41 - real streamed bytes, SHA-256, nested structure and empty directories
  ---
  duration_ms: 100.590982
  type: 'test'
  ...
# Subtest: incomplete commit does not publish a final directory
ok 42 - incomplete commit does not publish a final directory
  ---
  duration_ms: 14.819914
  type: 'test'
  ...
# Subtest: create and commit idempotency plus no postcommit mutation
ok 43 - create and commit idempotency plus no postcommit mutation
  ---
  duration_ms: 51.573492
  type: 'test'
  ...
# Subtest: partial-size failure and retry leave no partial accepted file
ok 44 - partial-size failure and retry leave no partial accepted file
  ---
  duration_ms: 56.109271
  type: 'test'
  ...
# Subtest: received-file retry compares content, not name or size alone
ok 45 - received-file retry compares content, not name or size alone
  ---
  duration_ms: 27.386147
  type: 'test'
  ...
# Subtest: session ownership and changed cwd reject commit
ok 46 - session ownership and changed cwd reject commit
  ---
  duration_ms: 25.373944
  type: 'test'
  ...
# Subtest: workspace has dedicated scope independent of an active conversation
ok 47 - workspace has dedicated scope independent of an active conversation
  ---
  duration_ms: 42.495221
  type: 'test'
  ...
# Subtest: workspace scope cannot be used to smuggle a conversation attachment
ok 48 - workspace scope cannot be used to smuggle a conversation attachment
  ---
  duration_ms: 4.240734
  type: 'test'
  ...
# Subtest: workspace requires one folder and capability, never fake success
ok 49 - workspace requires one folder and capability, never fake success
  ---
  duration_ms: 4.541981
  type: 'test'
  ...
# Subtest: registration failure after copy can retry without duplicating files
ok 50 - registration failure after copy can retry without duplicating files
  ---
  duration_ms: 23.977737
  type: 'test'
  ...
# Subtest: restart reloads metadata, histories and completed receipt
ok 51 - restart reloads metadata, histories and completed receipt
  ---
  duration_ms: 30.896923
  type: 'test'
  ...
# Subtest: two files upload concurrently and commit refuses an active writer
ok 52 - two files upload concurrently and commit refuses an active writer
  ---
  duration_ms: 30.510888
  type: 'test'
  ...
# Subtest: cancel aborts an actual stream and deletes only its pending directory
ok 53 - cancel aborts an actual stream and deletes only its pending directory
  ---
  duration_ms: 18.746273
  type: 'test'
  ...
# Subtest: late upload admission cannot race a commit sealing a batch
ok 54 - late upload admission cannot race a commit sealing a batch
  ---
  duration_ms: 20.237993
  type: 'test'
  ...
# Subtest: symlink storage ancestor and committed file substitution rejected
ok 55 - symlink storage ancestor and committed file substitution rejected
  ---
  duration_ms: 27.430218
  type: 'test'
  ...
# Subtest: cleanup is explicit and isolated from original files, other sessions and workspace copies
ok 56 - cleanup is explicit and isolated from original files, other sessions and workspace copies
  ---
  duration_ms: 68.511816
  type: 'test'
  ...
# Subtest: pending capacity and stale TTL cleanup never auto-delete committed files
ok 57 - pending capacity and stale TTL cleanup never auto-delete committed files
  ---
  duration_ms: 34.758953
  type: 'test'
  ...
# Subtest: explicit host directory registration does not copy it
ok 58 - explicit host directory registration does not copy it
  ---
  duration_ms: 5.636955
  type: 'test'
  ...
1..58
# tests 58
# suites 0
# pass 58
# fail 0
# cancelled 0
# skipped 0
# todo 0
# duration_ms 1583.084247
